WARNING: A terminally deprecated method in sun.misc.Unsafe has been called
WARNING: sun.misc.Unsafe::staticFieldBase has been called by com.google.inject.internal.aop.HiddenClassDefiner (file:/C:/ProgramData/chocolatey/lib/maven/apache-maven-3.9.11/lib/guice-5.1.0-classes.jar)
WARNING: Please consider reporting this to the maintainers of class com.google.inject.internal.aop.HiddenClassDefiner
WARNING: sun.misc.Unsafe::staticFieldBase will be removed in a future release
[INFO] Scanning for projects...
[INFO] 
[INFO] ---------------------< com.japanesestudy:backend >----------------------
[INFO] Building JapaneseStudyApp 0.0.1-SNAPSHOT
[INFO]   from pom.xml
[INFO] --------------------------------[ jar ]---------------------------------
[INFO] 
[INFO] --- clean:3.4.1:clean (default-clean) @ backend ---
[INFO] Deleting C:\my-management\backend\target
[INFO] 
[INFO] --- resources:3.3.1:resources (default-resources) @ backend ---
[INFO] Copying 2 resources from src\main\resources to target\classes
[INFO] Copying 0 resource from src\main\resources to target\classes
[INFO] 
[INFO] --- compiler:3.14.1:compile (default-compile) @ backend ---
[INFO] Recompiling the module because of changed source code.
[INFO] Compiling 49 source files with javac [debug parameters release 21] to target\classes
[INFO] -------------------------------------------------------------
[ERROR] COMPILATION ERROR : 
[INFO] -------------------------------------------------------------
[ERROR] /C:/my-management/backend/src/main/java/com/japanesestudy/app/service/AnkiImportService.java:[49,25] constructor Course in class com.japanesestudy.app.entity.Course cannot be applied to given types;
  required: java.lang.String,java.lang.String,java.lang.String
  found:    no arguments
  reason: actual and formal argument lists differ in length
[ERROR] /C:/my-management/backend/src/main/java/com/japanesestudy/app/service/AnkiImportService.java:[50,15] cannot find symbol
  symbol:   method setTitle(request.ge[...]urse")
  location: variable course of type com.japanesestudy.app.entity.Course
[ERROR] /C:/my-management/backend/src/main/java/com/japanesestudy/app/service/AnkiImportService.java:[50,32] cannot find symbol
  symbol:   method getCourseName()
  location: variable request of type com.japanesestudy.app.dto.AnkiImportRequest
[ERROR] /C:/my-management/backend/src/main/java/com/japanesestudy/app/service/AnkiImportService.java:[50,66] cannot find symbol
  symbol:   method getCourseName()
  location: variable request of type com.japanesestudy.app.dto.AnkiImportRequest
[ERROR] /C:/my-management/backend/src/main/java/com/japanesestudy/app/service/AnkiImportService.java:[51,38] cannot find symbol
  symbol:   method getDescription()
  location: variable request of type com.japanesestudy.app.dto.AnkiImportRequest
[ERROR] /C:/my-management/backend/src/main/java/com/japanesestudy/app/service/AnkiImportService.java:[52,15] cannot find symbol
  symbol:   method setLevel(java.lang.String)
  location: variable course of type com.japanesestudy.app.entity.Course
[ERROR] /C:/my-management/backend/src/main/java/com/japanesestudy/app/service/AnkiImportService.java:[57,36] cannot find symbol
  symbol:   method getTopic()
  location: variable item of type com.japanesestudy.app.dto.AnkiItem
[ERROR] /C:/my-management/backend/src/main/java/com/japanesestudy/app/service/AnkiImportService.java:[57,62] cannot find symbol
  symbol:   method getTopic()
  location: variable item of type com.japanesestudy.app.dto.AnkiItem
[ERROR] /C:/my-management/backend/src/main/java/com/japanesestudy/app/service/AnkiImportService.java:[65,27] constructor Topic in class com.japanesestudy.app.entity.Topic cannot be applied to given types;
  required: java.lang.String,java.lang.String,java.lang.Integer
  found:    no arguments
  reason: actual and formal argument lists differ in length
[ERROR] /C:/my-management/backend/src/main/java/com/japanesestudy/app/service/AnkiImportService.java:[66,18] cannot find symbol
  symbol:   method setTitle(java.lang.String)
  location: variable topic of type com.japanesestudy.app.entity.Topic
[ERROR] /C:/my-management/backend/src/main/java/com/japanesestudy/app/service/AnkiImportService.java:[67,18] cannot find symbol
  symbol:   method setCourse(com.japanesestudy.app.entity.Course)
  location: variable topic of type com.japanesestudy.app.entity.Topic
[ERROR] /C:/my-management/backend/src/main/java/com/japanesestudy/app/service/AnkiImportService.java:[68,18] cannot find symbol
  symbol:   method setOrderIndex(int)
  location: variable topic of type com.japanesestudy.app.entity.Topic
[ERROR] /C:/my-management/backend/src/main/java/com/japanesestudy/app/service/AnkiImportService.java:[73,39] constructor StudyItem in class com.japanesestudy.app.entity.StudyItem cannot be applied to given types;
  required: java.lang.String,java.lang.String,java.lang.String
  found:    no arguments
  reason: actual and formal argument lists differ in length
[ERROR] /C:/my-management/backend/src/main/java/com/japanesestudy/app/service/AnkiImportService.java:[74,46] cannot find symbol
  symbol:   method getFront()
  location: variable ankiItem of type com.japanesestudy.app.dto.AnkiItem
[ERROR] /C:/my-management/backend/src/main/java/com/japanesestudy/app/service/AnkiImportService.java:[74,78] cannot find symbol
  symbol:   method getFront()
  location: variable ankiItem of type com.japanesestudy.app.dto.AnkiItem
[ERROR] /C:/my-management/backend/src/main/java/com/japanesestudy/app/service/AnkiImportService.java:[75,35] cannot find symbol
  symbol:   method getFront()
  location: variable ankiItem of type com.japanesestudy.app.dto.AnkiItem
[ERROR] /C:/my-management/backend/src/main/java/com/japanesestudy/app/service/AnkiImportService.java:[76,48] cannot find symbol
  symbol:   method getReading()
  location: variable ankiItem of type com.japanesestudy.app.dto.AnkiItem
[ERROR] /C:/my-management/backend/src/main/java/com/japanesestudy/app/service/AnkiImportService.java:[76,82] cannot find symbol
  symbol:   method getReading()
  location: variable ankiItem of type com.japanesestudy.app.dto.AnkiItem
[ERROR] /C:/my-management/backend/src/main/java/com/japanesestudy/app/service/AnkiImportService.java:[77,35] cannot find symbol
  symbol:   method getReading()
  location: variable ankiItem of type com.japanesestudy.app.dto.AnkiItem
[ERROR] /C:/my-management/backend/src/main/java/com/japanesestudy/app/service/AnkiImportService.java:[77,59] cannot find symbol
  symbol:   method getFront()
  location: variable ankiItem of type com.japanesestudy.app.dto.AnkiItem
[ERROR] /C:/my-management/backend/src/main/java/com/japanesestudy/app/service/AnkiImportService.java:[78,42] cannot find symbol
  symbol:   method getBack()
  location: variable ankiItem of type com.japanesestudy.app.dto.AnkiItem
[ERROR] /C:/my-management/backend/src/main/java/com/japanesestudy/app/service/AnkiImportService.java:[78,73] cannot find symbol
  symbol:   method getBack()
  location: variable ankiItem of type com.japanesestudy.app.dto.AnkiItem
[ERROR] /C:/my-management/backend/src/main/java/com/japanesestudy/app/service/AnkiImportService.java:[79,35] cannot find symbol
  symbol:   method getBack()
  location: variable ankiItem of type com.japanesestudy.app.dto.AnkiItem
[ERROR] /C:/my-management/backend/src/main/java/com/japanesestudy/app/service/AnkiImportService.java:[81,26] cannot find symbol
  symbol:   method setPrimaryText(java.lang.String)
  location: variable studyItem of type com.japanesestudy.app.entity.StudyItem
[ERROR] /C:/my-management/backend/src/main/java/com/japanesestudy/app/service/AnkiImportService.java:[82,26] cannot find symbol
  symbol:   method setSecondaryText(java.lang.String)
  location: variable studyItem of type com.japanesestudy.app.entity.StudyItem
[ERROR] /C:/my-management/backend/src/main/java/com/japanesestudy/app/service/AnkiImportService.java:[83,26] cannot find symbol
  symbol:   method setMeaning(java.lang.String)
  location: variable studyItem of type com.japanesestudy.app.entity.StudyItem
[ERROR] /C:/my-management/backend/src/main/java/com/japanesestudy/app/service/AnkiImportService.java:[84,26] cannot find symbol
  symbol:   method setTopic(com.japanesestudy.app.entity.Topic)
  location: variable studyItem of type com.japanesestudy.app.entity.StudyItem
[ERROR] /C:/my-management/backend/src/main/java/com/japanesestudy/app/service/AnkiImportService.java:[85,26] cannot find symbol
  symbol:   method setType(java.lang.String)
  location: variable studyItem of type com.japanesestudy.app.entity.StudyItem
[ERROR] /C:/my-management/backend/src/main/java/com/japanesestudy/app/service/AnkiImportService.java:[100,38] cannot find symbol
  symbol:   method getId()
  location: variable course of type com.japanesestudy.app.entity.Course
[ERROR] /C:/my-management/backend/src/main/java/com/japanesestudy/app/service/AnkiImportService.java:[101,40] cannot find symbol
  symbol:   method getTitle()
  location: variable course of type com.japanesestudy.app.entity.Course
[ERROR] /C:/my-management/backend/src/main/java/com/japanesestudy/app/controller/AuthController.java:[48,69] cannot find symbol
  symbol:   method getUsername()
  location: variable loginRequest of type com.japanesestudy.app.dto.LoginRequest
[ERROR] /C:/my-management/backend/src/main/java/com/japanesestudy/app/controller/AuthController.java:[49,37] cannot find symbol
  symbol:   method getPassword()
  location: variable loginRequest of type com.japanesestudy.app.dto.LoginRequest
[ERROR] /C:/my-management/backend/src/main/java/com/japanesestudy/app/controller/AuthController.java:[60,28] cannot find symbol
  symbol:   method getId()
  location: variable userDetails of type com.japanesestudy.app.security.service.UserDetailsImpl
[ERROR] /C:/my-management/backend/src/main/java/com/japanesestudy/app/controller/AuthController.java:[67,58] cannot find symbol
  symbol:   method getUsername()
  location: variable signUpRequest of type com.japanesestudy.app.dto.RegisterRequest
[ERROR] /C:/my-management/backend/src/main/java/com/japanesestudy/app/controller/AuthController.java:[70,27] constructor MessageResponse in class com.japanesestudy.app.dto.MessageResponse cannot be applied to given types;
  required: no arguments
  found:    java.lang.String
  reason: actual and formal argument lists differ in length
[ERROR] /C:/my-management/backend/src/main/java/com/japanesestudy/app/controller/AuthController.java:[74,43] cannot find symbol
  symbol:   method getUsername()
  location: variable signUpRequest of type com.japanesestudy.app.dto.RegisterRequest
[ERROR] /C:/my-management/backend/src/main/java/com/japanesestudy/app/controller/AuthController.java:[75,45] cannot find symbol
  symbol:   method getPassword()
  location: variable signUpRequest of type com.japanesestudy.app.dto.RegisterRequest
[ERROR] /C:/my-management/backend/src/main/java/com/japanesestudy/app/controller/AuthController.java:[80,34] constructor MessageResponse in class com.japanesestudy.app.dto.MessageResponse cannot be applied to given types;
  required: no arguments
  found:    java.lang.String
  reason: actual and formal argument lists differ in length
[ERROR] /C:/my-management/backend/src/main/java/com/japanesestudy/app/controller/CourseController.java:[52,26] cannot find symbol
  symbol:   method setCourse(com.japanesestudy.app.entity.Course)
  location: variable topic of type com.japanesestudy.app.entity.Topic
[ERROR] /C:/my-management/backend/src/main/java/com/japanesestudy/app/controller/CourseController.java:[72,45] cannot find symbol
  symbol:   method getTitle()
  location: variable course of type com.japanesestudy.app.entity.Course
[ERROR] /C:/my-management/backend/src/main/java/com/japanesestudy/app/controller/CourseController.java:[73,51] cannot find symbol
  symbol:   method getDescription()
  location: variable course of type com.japanesestudy.app.entity.Course
[ERROR] /C:/my-management/backend/src/main/java/com/japanesestudy/app/service/CatalogService.java:[134,39] cannot find symbol
  symbol:   method getTitle()
  location: variable a of type com.japanesestudy.app.entity.Topic
[ERROR] /C:/my-management/backend/src/main/java/com/japanesestudy/app/service/CatalogService.java:[135,39] cannot find symbol
  symbol:   method getTitle()
  location: variable b of type com.japanesestudy.app.entity.Topic
[ERROR] /C:/my-management/backend/src/main/java/com/japanesestudy/app/service/CatalogService.java:[139,21] cannot find symbol
  symbol:   method getTitle()
  location: variable a of type com.japanesestudy.app.entity.Topic
[ERROR] /C:/my-management/backend/src/main/java/com/japanesestudy/app/service/CatalogService.java:[139,54] cannot find symbol
  symbol:   method getTitle()
  location: variable b of type com.japanesestudy.app.entity.Topic
[ERROR] /C:/my-management/backend/src/main/java/com/japanesestudy/app/service/CatalogService.java:[144,26] cannot find symbol
  symbol:   method setOrderIndex(int)
  location: class com.japanesestudy.app.entity.Topic
[ERROR] /C:/my-management/backend/src/main/java/com/japanesestudy/app/controller/ImportController.java:[240,29] cannot find symbol
  symbol:   method setFront(java.lang.String)
  location: variable item of type com.japanesestudy.app.dto.AnkiItem
[ERROR] /C:/my-management/backend/src/main/java/com/japanesestudy/app/controller/ImportController.java:[241,29] cannot find symbol
  symbol:   method setReading(reading.is[...]500)))
  location: variable item of type com.japanesestudy.app.dto.AnkiItem
[ERROR] /C:/my-management/backend/src/main/java/com/japanesestudy/app/controller/ImportController.java:[242,29] cannot find symbol
  symbol:   method setBack(java.lang.String)
  location: variable item of type com.japanesestudy.app.dto.AnkiItem
[ERROR] /C:/my-management/backend/src/main/java/com/japanesestudy/app/controller/ImportController.java:[245,29] cannot find symbol
  symbol:   method setTopic(java.lang.String)
  location: variable item of type com.japanesestudy.app.dto.AnkiItem
[ERROR] /C:/my-management/backend/src/main/java/com/japanesestudy/app/controller/ImportController.java:[271,20] cannot find symbol
  symbol:   method setCourseName(java.lang.String)
  location: variable request of type com.japanesestudy.app.dto.AnkiImportRequest
[ERROR] /C:/my-management/backend/src/main/java/com/japanesestudy/app/controller/ImportController.java:[272,20] cannot find symbol
  symbol:   method setDescription(java.lang.String)
  location: variable request of type com.japanesestudy.app.dto.AnkiImportRequest
[ERROR] /C:/my-management/backend/src/main/java/com/japanesestudy/app/controller/ImportController.java:[273,20] cannot find symbol
  symbol:   method setItems(java.util.List<com.japanesestudy.app.dto.AnkiItem>)
  location: variable request of type com.japanesestudy.app.dto.AnkiImportRequest
[ERROR] /C:/my-management/backend/src/main/java/com/japanesestudy/app/controller/StudyController.java:[58,53] cannot find symbol
  symbol:   method getItemId()
  location: variable request of type com.japanesestudy.app.dto.SubmitAnswerRequest
[ERROR] /C:/my-management/backend/src/main/java/com/japanesestudy/app/controller/StudyController.java:[58,74] cannot find symbol
  symbol:   method isCorrect()
  location: variable request of type com.japanesestudy.app.dto.SubmitAnswerRequest
[ERROR] /C:/my-management/backend/src/main/java/com/japanesestudy/app/service/StudyService.java:[82,31] cannot find symbol
  symbol:   method getUser()
  location: variable session of type com.japanesestudy.app.entity.StudySession
[ERROR] /C:/my-management/backend/src/main/java/com/japanesestudy/app/service/StudyService.java:[86,50] cannot find symbol
  symbol:   method getId()
  location: variable user of type com.japanesestudy.app.entity.User
[ERROR] /C:/my-management/backend/src/main/java/com/japanesestudy/app/service/StudyService.java:[87,55] cannot find symbol
  symbol:   method getId()
  location: variable item of type com.japanesestudy.app.entity.StudyItem
[ERROR] /C:/my-management/backend/src/main/java/com/japanesestudy/app/service/StudyService.java:[92,37] cannot find symbol
  symbol:   method getStreak()
  location: variable progress of type com.japanesestudy.app.entity.UserProgress
[ERROR] /C:/my-management/backend/src/main/java/com/japanesestudy/app/service/StudyService.java:[93,21] cannot find symbol
  symbol:   method setStreak(int)
  location: variable progress of type com.japanesestudy.app.entity.UserProgress
[ERROR] /C:/my-management/backend/src/main/java/com/japanesestudy/app/service/StudyService.java:[97,36] cannot find symbol
  symbol:   method getIntervalDays()
  location: variable progress of type com.japanesestudy.app.entity.UserProgress
[ERROR] /C:/my-management/backend/src/main/java/com/japanesestudy/app/service/StudyService.java:[106,58] cannot find symbol
  symbol:   method getEaseFactor()
  location: variable progress of type com.japanesestudy.app.entity.UserProgress
[ERROR] /C:/my-management/backend/src/main/java/com/japanesestudy/app/service/StudyService.java:[110,21] cannot find symbol
  symbol:   method setIntervalDays(int)
  location: variable progress of type com.japanesestudy.app.entity.UserProgress
[ERROR] /C:/my-management/backend/src/main/java/com/japanesestudy/app/service/StudyService.java:[111,21] cannot find symbol
  symbol:   method setNextReview(java.time.LocalDateTime)
  location: variable progress of type com.japanesestudy.app.entity.UserProgress
[ERROR] /C:/my-management/backend/src/main/java/com/japanesestudy/app/service/StudyService.java:[113,21] cannot find symbol
  symbol:   method setStreak(int)
  location: variable progress of type com.japanesestudy.app.entity.UserProgress
[ERROR] /C:/my-management/backend/src/main/java/com/japanesestudy/app/service/StudyService.java:[114,21] cannot find symbol
  symbol:   method setIntervalDays(int)
  location: variable progress of type com.japanesestudy.app.entity.UserProgress
[ERROR] /C:/my-management/backend/src/main/java/com/japanesestudy/app/service/StudyService.java:[115,21] cannot find symbol
  symbol:   method setNextReview(java.time.LocalDateTime)
  location: variable progress of type com.japanesestudy.app.entity.UserProgress
[ERROR] /C:/my-management/backend/src/main/java/com/japanesestudy/app/service/StudyService.java:[117,58] cannot find symbol
  symbol:   method getEaseFactor()
  location: variable progress of type com.japanesestudy.app.entity.UserProgress
[ERROR] /C:/my-management/backend/src/main/java/com/japanesestudy/app/service/StudyService.java:[120,17] cannot find symbol
  symbol:   method setLastReviewed(java.time.LocalDateTime)
  location: variable progress of type com.japanesestudy.app.entity.UserProgress
[ERROR] /C:/my-management/backend/src/main/java/com/japanesestudy/app/service/StudyService.java:[129,16] cannot find symbol
  symbol:   method setEndTime(java.time.LocalDateTime)
  location: variable session of type com.japanesestudy.app.entity.StudySession
[ERROR] /C:/my-management/backend/src/main/java/com/japanesestudy/app/service/StudyService.java:[130,59] cannot find symbol
  symbol:   method getStartTime()
  location: variable session of type com.japanesestudy.app.entity.StudySession
[ERROR] /C:/my-management/backend/src/main/java/com/japanesestudy/app/service/StudyService.java:[130,83] cannot find symbol
  symbol:   method getEndTime()
  location: variable session of type com.japanesestudy.app.entity.StudySession
[ERROR] /C:/my-management/backend/src/main/java/com/japanesestudy/app/service/StudyService.java:[131,16] cannot find symbol
  symbol:   method setDurationSeconds(long)
  location: variable session of type com.japanesestudy.app.entity.StudySession
[ERROR] /C:/my-management/backend/src/main/java/com/japanesestudy/app/controller/StudyItemController.java:[39,49] cannot find symbol
  symbol:   method getPrimaryText()
  location: variable item of type com.japanesestudy.app.entity.StudyItem
[ERROR] /C:/my-management/backend/src/main/java/com/japanesestudy/app/controller/StudyItemController.java:[40,51] cannot find symbol
  symbol:   method getSecondaryText()
  location: variable item of type com.japanesestudy.app.entity.StudyItem
[ERROR] /C:/my-management/backend/src/main/java/com/japanesestudy/app/controller/StudyItemController.java:[41,45] cannot find symbol
  symbol:   method getMeaning()
  location: variable item of type com.japanesestudy.app.entity.StudyItem
[ERROR] /C:/my-management/backend/src/main/java/com/japanesestudy/app/controller/TopicController.java:[51,25] cannot find symbol
  symbol:   method setTopic(com.japanesestudy.app.entity.Topic)
  location: variable item of type com.japanesestudy.app.entity.StudyItem
[ERROR] /C:/my-management/backend/src/main/java/com/japanesestudy/app/controller/TopicController.java:[64,44] cannot find symbol
  symbol:   method getTitle()
  location: variable topic of type com.japanesestudy.app.entity.Topic
[ERROR] /C:/my-management/backend/src/main/java/com/japanesestudy/app/controller/TopicController.java:[65,50] cannot find symbol
  symbol:   method getDescription()
  location: variable topic of type com.japanesestudy.app.entity.Topic
[ERROR] /C:/my-management/backend/src/main/java/com/japanesestudy/app/controller/TopicController.java:[66,30] cannot find symbol
  symbol:   method getOrderIndex()
  location: variable topic of type com.japanesestudy.app.entity.Topic
[ERROR] /C:/my-management/backend/src/main/java/com/japanesestudy/app/controller/TopicController.java:[67,53] cannot find symbol
  symbol:   method getOrderIndex()
  location: variable topic of type com.japanesestudy.app.entity.Topic
[ERROR] /C:/my-management/backend/src/main/java/com/japanesestudy/app/security/service/UserDetailsImpl.java:[19,8] com.japanesestudy.app.security.service.UserDetailsImpl is not abstract and does not override abstract method getUsername() in org.springframework.security.core.userdetails.UserDetails
[ERROR] /C:/my-management/backend/src/main/java/com/japanesestudy/app/security/service/UserDetailsImpl.java:[34,58] cannot find symbol
  symbol:   method getRole()
  location: variable user of type com.japanesestudy.app.entity.User
[ERROR] /C:/my-management/backend/src/main/java/com/japanesestudy/app/security/service/UserDetailsImpl.java:[39,21] cannot find symbol
  symbol:   method getPassword()
  location: variable user of type com.japanesestudy.app.entity.User
[ERROR] /C:/my-management/backend/src/main/java/com/japanesestudy/app/security/service/UserDetailsImpl.java:[38,21] cannot find symbol
  symbol:   method getUsername()
  location: variable user of type com.japanesestudy.app.entity.User
[ERROR] /C:/my-management/backend/src/main/java/com/japanesestudy/app/security/service/UserDetailsImpl.java:[37,21] cannot find symbol
  symbol:   method getId()
  location: variable user of type com.japanesestudy.app.entity.User
[ERROR] /C:/my-management/backend/src/main/java/com/japanesestudy/app/util/DataSeeder.java:[29,26] constructor User in class com.japanesestudy.app.entity.User cannot be applied to given types;
  required: java.lang.String,java.lang.String,com.japanesestudy.app.entity.Role
  found:    no arguments
  reason: actual and formal argument lists differ in length
[ERROR] /C:/my-management/backend/src/main/java/com/japanesestudy/app/util/DataSeeder.java:[30,18] cannot find symbol
  symbol:   method setUsername(java.lang.String)
  location: variable admin of type com.japanesestudy.app.entity.User
[ERROR] /C:/my-management/backend/src/main/java/com/japanesestudy/app/util/DataSeeder.java:[31,18] cannot find symbol
  symbol:   method setPassword(java.lang.String)
  location: variable admin of type com.japanesestudy.app.entity.User
[ERROR] /C:/my-management/backend/src/main/java/com/japanesestudy/app/util/DataSeeder.java:[32,18] cannot find symbol
  symbol:   method setRole(com.japanesestudy.app.entity.Role)
  location: variable admin of type com.japanesestudy.app.entity.User
[ERROR] /C:/my-management/backend/src/main/java/com/japanesestudy/app/util/DataSeeder.java:[36,25] constructor User in class com.japanesestudy.app.entity.User cannot be applied to given types;
  required: java.lang.String,java.lang.String,com.japanesestudy.app.entity.Role
  found:    no arguments
  reason: actual and formal argument lists differ in length
[ERROR] /C:/my-management/backend/src/main/java/com/japanesestudy/app/util/DataSeeder.java:[37,17] cannot find symbol
  symbol:   method setUsername(java.lang.String)
  location: variable user of type com.japanesestudy.app.entity.User
[ERROR] /C:/my-management/backend/src/main/java/com/japanesestudy/app/util/DataSeeder.java:[38,17] cannot find symbol
  symbol:   method setPassword(java.lang.String)
  location: variable user of type com.japanesestudy.app.entity.User
[ERROR] /C:/my-management/backend/src/main/java/com/japanesestudy/app/util/DataSeeder.java:[39,17] cannot find symbol
  symbol:   method setRole(com.japanesestudy.app.entity.Role)
  location: variable user of type com.japanesestudy.app.entity.User
[INFO] 94 errors 
[INFO] -------------------------------------------------------------
[INFO] ------------------------------------------------------------------------
[INFO] BUILD FAILURE
[INFO] ------------------------------------------------------------------------
[INFO] Total time:  4.802 s
[INFO] Finished at: 2025-12-13T16:37:05+09:00
[INFO] ------------------------------------------------------------------------
[ERROR] Failed to execute goal org.apache.maven.plugins:maven-compiler-plugin:3.14.1:compile (default-compile) on project backend: Compilation failure: Compilation failure: 
[ERROR] /C:/my-management/backend/src/main/java/com/japanesestudy/app/service/AnkiImportService.java:[49,25] constructor Course in class com.japanesestudy.app.entity.Course cannot be applied to given types;
[ERROR]   required: java.lang.String,java.lang.String,java.lang.String
[ERROR]   found:    no arguments
[ERROR]   reason: actual and formal argument lists differ in length
[ERROR] /C:/my-management/backend/src/main/java/com/japanesestudy/app/service/AnkiImportService.java:[50,15] cannot find symbol
[ERROR]   symbol:   method setTitle(request.ge[...]urse")
[ERROR]   location: variable course of type com.japanesestudy.app.entity.Course
[ERROR] /C:/my-management/backend/src/main/java/com/japanesestudy/app/service/AnkiImportService.java:[50,32] cannot find symbol
[ERROR]   symbol:   method getCourseName()
[ERROR]   location: variable request of type com.japanesestudy.app.dto.AnkiImportRequest
[ERROR] /C:/my-management/backend/src/main/java/com/japanesestudy/app/service/AnkiImportService.java:[50,66] cannot find symbol
[ERROR]   symbol:   method getCourseName()
[ERROR]   location: variable request of type com.japanesestudy.app.dto.AnkiImportRequest
[ERROR] /C:/my-management/backend/src/main/java/com/japanesestudy/app/service/AnkiImportService.java:[51,38] cannot find symbol
[ERROR]   symbol:   method getDescription()
[ERROR]   location: variable request of type com.japanesestudy.app.dto.AnkiImportRequest
[ERROR] /C:/my-management/backend/src/main/java/com/japanesestudy/app/service/AnkiImportService.java:[52,15] cannot find symbol
[ERROR]   symbol:   method setLevel(java.lang.String)
[ERROR]   location: variable course of type com.japanesestudy.app.entity.Course
[ERROR] /C:/my-management/backend/src/main/java/com/japanesestudy/app/service/AnkiImportService.java:[57,36] cannot find symbol
[ERROR]   symbol:   method getTopic()
[ERROR]   location: variable item of type com.japanesestudy.app.dto.AnkiItem
[ERROR] /C:/my-management/backend/src/main/java/com/japanesestudy/app/service/AnkiImportService.java:[57,62] cannot find symbol
[ERROR]   symbol:   method getTopic()
[ERROR]   location: variable item of type com.japanesestudy.app.dto.AnkiItem
[ERROR] /C:/my-management/backend/src/main/java/com/japanesestudy/app/service/AnkiImportService.java:[65,27] constructor Topic in class com.japanesestudy.app.entity.Topic cannot be applied to given types;
[ERROR]   required: java.lang.String,java.lang.String,java.lang.Integer
[ERROR]   found:    no arguments
[ERROR]   reason: actual and formal argument lists differ in length
[ERROR] /C:/my-management/backend/src/main/java/com/japanesestudy/app/service/AnkiImportService.java:[66,18] cannot find symbol
[ERROR]   symbol:   method setTitle(java.lang.String)
[ERROR]   location: variable topic of type com.japanesestudy.app.entity.Topic
[ERROR] /C:/my-management/backend/src/main/java/com/japanesestudy/app/service/AnkiImportService.java:[67,18] cannot find symbol
[ERROR]   symbol:   method setCourse(com.japanesestudy.app.entity.Course)
[ERROR]   location: variable topic of type com.japanesestudy.app.entity.Topic
[ERROR] /C:/my-management/backend/src/main/java/com/japanesestudy/app/service/AnkiImportService.java:[68,18] cannot find symbol
[ERROR]   symbol:   method setOrderIndex(int)
[ERROR]   location: variable topic of type com.japanesestudy.app.entity.Topic
[ERROR] /C:/my-management/backend/src/main/java/com/japanesestudy/app/service/AnkiImportService.java:[73,39] constructor StudyItem in class com.japanesestudy.app.entity.StudyItem cannot be applied to given types;
[ERROR]   required: java.lang.String,java.lang.String,java.lang.String
[ERROR]   found:    no arguments
[ERROR]   reason: actual and formal argument lists differ in length
[ERROR] /C:/my-management/backend/src/main/java/com/japanesestudy/app/service/AnkiImportService.java:[74,46] cannot find symbol
[ERROR]   symbol:   method getFront()
[ERROR]   location: variable ankiItem of type com.japanesestudy.app.dto.AnkiItem
[ERROR] /C:/my-management/backend/src/main/java/com/japanesestudy/app/service/AnkiImportService.java:[74,78] cannot find symbol
[ERROR]   symbol:   method getFront()
[ERROR]   location: variable ankiItem of type com.japanesestudy.app.dto.AnkiItem
[ERROR] /C:/my-management/backend/src/main/java/com/japanesestudy/app/service/AnkiImportService.java:[75,35] cannot find symbol
[ERROR]   symbol:   method getFront()
[ERROR]   location: variable ankiItem of type com.japanesestudy.app.dto.AnkiItem
[ERROR] /C:/my-management/backend/src/main/java/com/japanesestudy/app/service/AnkiImportService.java:[76,48] cannot find symbol
[ERROR]   symbol:   method getReading()
[ERROR]   location: variable ankiItem of type com.japanesestudy.app.dto.AnkiItem
[ERROR] /C:/my-management/backend/src/main/java/com/japanesestudy/app/service/AnkiImportService.java:[76,82] cannot find symbol
[ERROR]   symbol:   method getReading()
[ERROR]   location: variable ankiItem of type com.japanesestudy.app.dto.AnkiItem
[ERROR] /C:/my-management/backend/src/main/java/com/japanesestudy/app/service/AnkiImportService.java:[77,35] cannot find symbol
[ERROR]   symbol:   method getReading()
[ERROR]   location: variable ankiItem of type com.japanesestudy.app.dto.AnkiItem
[ERROR] /C:/my-management/backend/src/main/java/com/japanesestudy/app/service/AnkiImportService.java:[77,59] cannot find symbol
[ERROR]   symbol:   method getFront()
[ERROR]   location: variable ankiItem of type com.japanesestudy.app.dto.AnkiItem
[ERROR] /C:/my-management/backend/src/main/java/com/japanesestudy/app/service/AnkiImportService.java:[78,42] cannot find symbol
[ERROR]   symbol:   method getBack()
[ERROR]   location: variable ankiItem of type com.japanesestudy.app.dto.AnkiItem
[ERROR] /C:/my-management/backend/src/main/java/com/japanesestudy/app/service/AnkiImportService.java:[78,73] cannot find symbol
[ERROR]   symbol:   method getBack()
[ERROR]   location: variable ankiItem of type com.japanesestudy.app.dto.AnkiItem
[ERROR] /C:/my-management/backend/src/main/java/com/japanesestudy/app/service/AnkiImportService.java:[79,35] cannot find symbol
[ERROR]   symbol:   method getBack()
[ERROR]   location: variable ankiItem of type com.japanesestudy.app.dto.AnkiItem
[ERROR] /C:/my-management/backend/src/main/java/com/japanesestudy/app/service/AnkiImportService.java:[81,26] cannot find symbol
[ERROR]   symbol:   method setPrimaryText(java.lang.String)
[ERROR]   location: variable studyItem of type com.japanesestudy.app.entity.StudyItem
[ERROR] /C:/my-management/backend/src/main/java/com/japanesestudy/app/service/AnkiImportService.java:[82,26] cannot find symbol
[ERROR]   symbol:   method setSecondaryText(java.lang.String)
[ERROR]   location: variable studyItem of type com.japanesestudy.app.entity.StudyItem
[ERROR] /C:/my-management/backend/src/main/java/com/japanesestudy/app/service/AnkiImportService.java:[83,26] cannot find symbol
[ERROR]   symbol:   method setMeaning(java.lang.String)
[ERROR]   location: variable studyItem of type com.japanesestudy.app.entity.StudyItem
[ERROR] /C:/my-management/backend/src/main/java/com/japanesestudy/app/service/AnkiImportService.java:[84,26] cannot find symbol
[ERROR]   symbol:   method setTopic(com.japanesestudy.app.entity.Topic)
[ERROR]   location: variable studyItem of type com.japanesestudy.app.entity.StudyItem
[ERROR] /C:/my-management/backend/src/main/java/com/japanesestudy/app/service/AnkiImportService.java:[85,26] cannot find symbol
[ERROR]   symbol:   method setType(java.lang.String)
[ERROR]   location: variable studyItem of type com.japanesestudy.app.entity.StudyItem
[ERROR] /C:/my-management/backend/src/main/java/com/japanesestudy/app/service/AnkiImportService.java:[100,38] cannot find symbol
[ERROR]   symbol:   method getId()
[ERROR]   location: variable course of type com.japanesestudy.app.entity.Course
[ERROR] /C:/my-management/backend/src/main/java/com/japanesestudy/app/service/AnkiImportService.java:[101,40] cannot find symbol
[ERROR]   symbol:   method getTitle()
[ERROR]   location: variable course of type com.japanesestudy.app.entity.Course
[ERROR] /C:/my-management/backend/src/main/java/com/japanesestudy/app/controller/AuthController.java:[48,69] cannot find symbol
[ERROR]   symbol:   method getUsername()
[ERROR]   location: variable loginRequest of type com.japanesestudy.app.dto.LoginRequest
[ERROR] /C:/my-management/backend/src/main/java/com/japanesestudy/app/controller/AuthController.java:[49,37] cannot find symbol
[ERROR]   symbol:   method getPassword()
[ERROR]   location: variable loginRequest of type com.japanesestudy.app.dto.LoginRequest
[ERROR] /C:/my-management/backend/src/main/java/com/japanesestudy/app/controller/AuthController.java:[60,28] cannot find symbol
[ERROR]   symbol:   method getId()
[ERROR]   location: variable userDetails of type com.japanesestudy.app.security.service.UserDetailsImpl
[ERROR] /C:/my-management/backend/src/main/java/com/japanesestudy/app/controller/AuthController.java:[67,58] cannot find symbol
[ERROR]   symbol:   method getUsername()
[ERROR]   location: variable signUpRequest of type com.japanesestudy.app.dto.RegisterRequest
[ERROR] /C:/my-management/backend/src/main/java/com/japanesestudy/app/controller/AuthController.java:[70,27] constructor MessageResponse in class com.japanesestudy.app.dto.MessageResponse cannot be applied to given types;
[ERROR]   required: no arguments
[ERROR]   found:    java.lang.String
[ERROR]   reason: actual and formal argument lists differ in length
[ERROR] /C:/my-management/backend/src/main/java/com/japanesestudy/app/controller/AuthController.java:[74,43] cannot find symbol
[ERROR]   symbol:   method getUsername()
[ERROR]   location: variable signUpRequest of type com.japanesestudy.app.dto.RegisterRequest
[ERROR] /C:/my-management/backend/src/main/java/com/japanesestudy/app/controller/AuthController.java:[75,45] cannot find symbol
[ERROR]   symbol:   method getPassword()
[ERROR]   location: variable signUpRequest of type com.japanesestudy.app.dto.RegisterRequest
[ERROR] /C:/my-management/backend/src/main/java/com/japanesestudy/app/controller/AuthController.java:[80,34] constructor MessageResponse in class com.japanesestudy.app.dto.MessageResponse cannot be applied to given types;
[ERROR]   required: no arguments
[ERROR]   found:    java.lang.String
[ERROR]   reason: actual and formal argument lists differ in length
[ERROR] /C:/my-management/backend/src/main/java/com/japanesestudy/app/controller/CourseController.java:[52,26] cannot find symbol
[ERROR]   symbol:   method setCourse(com.japanesestudy.app.entity.Course)
[ERROR]   location: variable topic of type com.japanesestudy.app.entity.Topic
[ERROR] /C:/my-management/backend/src/main/java/com/japanesestudy/app/controller/CourseController.java:[72,45] cannot find symbol
[ERROR]   symbol:   method getTitle()
[ERROR]   location: variable course of type com.japanesestudy.app.entity.Course
[ERROR] /C:/my-management/backend/src/main/java/com/japanesestudy/app/controller/CourseController.java:[73,51] cannot find symbol
[ERROR]   symbol:   method getDescription()
[ERROR]   location: variable course of type com.japanesestudy.app.entity.Course
[ERROR] /C:/my-management/backend/src/main/java/com/japanesestudy/app/service/CatalogService.java:[134,39] cannot find symbol
[ERROR]   symbol:   method getTitle()
[ERROR]   location: variable a of type com.japanesestudy.app.entity.Topic
[ERROR] /C:/my-management/backend/src/main/java/com/japanesestudy/app/service/CatalogService.java:[135,39] cannot find symbol
[ERROR]   symbol:   method getTitle()
[ERROR]   location: variable b of type com.japanesestudy.app.entity.Topic
[ERROR] /C:/my-management/backend/src/main/java/com/japanesestudy/app/service/CatalogService.java:[139,21] cannot find symbol
[ERROR]   symbol:   method getTitle()
[ERROR]   location: variable a of type com.japanesestudy.app.entity.Topic
[ERROR] /C:/my-management/backend/src/main/java/com/japanesestudy/app/service/CatalogService.java:[139,54] cannot find symbol
[ERROR]   symbol:   method getTitle()
[ERROR]   location: variable b of type com.japanesestudy.app.entity.Topic
[ERROR] /C:/my-management/backend/src/main/java/com/japanesestudy/app/service/CatalogService.java:[144,26] cannot find symbol
[ERROR]   symbol:   method setOrderIndex(int)
[ERROR]   location: class com.japanesestudy.app.entity.Topic
[ERROR] /C:/my-management/backend/src/main/java/com/japanesestudy/app/controller/ImportController.java:[240,29] cannot find symbol
[ERROR]   symbol:   method setFront(java.lang.String)
[ERROR]   location: variable item of type com.japanesestudy.app.dto.AnkiItem
[ERROR] /C:/my-management/backend/src/main/java/com/japanesestudy/app/controller/ImportController.java:[241,29] cannot find symbol
[ERROR]   symbol:   method setReading(reading.is[...]500)))
[ERROR]   location: variable item of type com.japanesestudy.app.dto.AnkiItem
[ERROR] /C:/my-management/backend/src/main/java/com/japanesestudy/app/controller/ImportController.java:[242,29] cannot find symbol
[ERROR]   symbol:   method setBack(java.lang.String)
[ERROR]   location: variable item of type com.japanesestudy.app.dto.AnkiItem
[ERROR] /C:/my-management/backend/src/main/java/com/japanesestudy/app/controller/ImportController.java:[245,29] cannot find symbol
[ERROR]   symbol:   method setTopic(java.lang.String)
[ERROR]   location: variable item of type com.japanesestudy.app.dto.AnkiItem
[ERROR] /C:/my-management/backend/src/main/java/com/japanesestudy/app/controller/ImportController.java:[271,20] cannot find symbol
[ERROR]   symbol:   method setCourseName(java.lang.String)
[ERROR]   location: variable request of type com.japanesestudy.app.dto.AnkiImportRequest
[ERROR] /C:/my-management/backend/src/main/java/com/japanesestudy/app/controller/ImportController.java:[272,20] cannot find symbol
[ERROR]   symbol:   method setDescription(java.lang.String)
[ERROR]   location: variable request of type com.japanesestudy.app.dto.AnkiImportRequest
[ERROR] /C:/my-management/backend/src/main/java/com/japanesestudy/app/controller/ImportController.java:[273,20] cannot find symbol
[ERROR]   symbol:   method setItems(java.util.List<com.japanesestudy.app.dto.AnkiItem>)
[ERROR]   location: variable request of type com.japanesestudy.app.dto.AnkiImportRequest
[ERROR] /C:/my-management/backend/src/main/java/com/japanesestudy/app/controller/StudyController.java:[58,53] cannot find symbol
[ERROR]   symbol:   method getItemId()
[ERROR]   location: variable request of type com.japanesestudy.app.dto.SubmitAnswerRequest
[ERROR] /C:/my-management/backend/src/main/java/com/japanesestudy/app/controller/StudyController.java:[58,74] cannot find symbol
[ERROR]   symbol:   method isCorrect()
[ERROR]   location: variable request of type com.japanesestudy.app.dto.SubmitAnswerRequest
[ERROR] /C:/my-management/backend/src/main/java/com/japanesestudy/app/service/StudyService.java:[82,31] cannot find symbol
[ERROR]   symbol:   method getUser()
[ERROR]   location: variable session of type com.japanesestudy.app.entity.StudySession
[ERROR] /C:/my-management/backend/src/main/java/com/japanesestudy/app/service/StudyService.java:[86,50] cannot find symbol
[ERROR]   symbol:   method getId()
[ERROR]   location: variable user of type com.japanesestudy.app.entity.User
[ERROR] /C:/my-management/backend/src/main/java/com/japanesestudy/app/service/StudyService.java:[87,55] cannot find symbol
[ERROR]   symbol:   method getId()
[ERROR]   location: variable item of type com.japanesestudy.app.entity.StudyItem
[ERROR] /C:/my-management/backend/src/main/java/com/japanesestudy/app/service/StudyService.java:[92,37] cannot find symbol
[ERROR]   symbol:   method getStreak()
[ERROR]   location: variable progress of type com.japanesestudy.app.entity.UserProgress
[ERROR] /C:/my-management/backend/src/main/java/com/japanesestudy/app/service/StudyService.java:[93,21] cannot find symbol
[ERROR]   symbol:   method setStreak(int)
[ERROR]   location: variable progress of type com.japanesestudy.app.entity.UserProgress
[ERROR] /C:/my-management/backend/src/main/java/com/japanesestudy/app/service/StudyService.java:[97,36] cannot find symbol
[ERROR]   symbol:   method getIntervalDays()
[ERROR]   location: variable progress of type com.japanesestudy.app.entity.UserProgress
[ERROR] /C:/my-management/backend/src/main/java/com/japanesestudy/app/service/StudyService.java:[106,58] cannot find symbol
[ERROR]   symbol:   method getEaseFactor()
[ERROR]   location: variable progress of type com.japanesestudy.app.entity.UserProgress
[ERROR] /C:/my-management/backend/src/main/java/com/japanesestudy/app/service/StudyService.java:[110,21] cannot find symbol
[ERROR]   symbol:   method setIntervalDays(int)
[ERROR]   location: variable progress of type com.japanesestudy.app.entity.UserProgress
[ERROR] /C:/my-management/backend/src/main/java/com/japanesestudy/app/service/StudyService.java:[111,21] cannot find symbol
[ERROR]   symbol:   method setNextReview(java.time.LocalDateTime)
[ERROR]   location: variable progress of type com.japanesestudy.app.entity.UserProgress
[ERROR] /C:/my-management/backend/src/main/java/com/japanesestudy/app/service/StudyService.java:[113,21] cannot find symbol
[ERROR]   symbol:   method setStreak(int)
[ERROR]   location: variable progress of type com.japanesestudy.app.entity.UserProgress
[ERROR] /C:/my-management/backend/src/main/java/com/japanesestudy/app/service/StudyService.java:[114,21] cannot find symbol
[ERROR]   symbol:   method setIntervalDays(int)
[ERROR]   location: variable progress of type com.japanesestudy.app.entity.UserProgress
[ERROR] /C:/my-management/backend/src/main/java/com/japanesestudy/app/service/StudyService.java:[115,21] cannot find symbol
[ERROR]   symbol:   method setNextReview(java.time.LocalDateTime)
[ERROR]   location: variable progress of type com.japanesestudy.app.entity.UserProgress
[ERROR] /C:/my-management/backend/src/main/java/com/japanesestudy/app/service/StudyService.java:[117,58] cannot find symbol
[ERROR]   symbol:   method getEaseFactor()
[ERROR]   location: variable progress of type com.japanesestudy.app.entity.UserProgress
[ERROR] /C:/my-management/backend/src/main/java/com/japanesestudy/app/service/StudyService.java:[120,17] cannot find symbol
[ERROR]   symbol:   method setLastReviewed(java.time.LocalDateTime)
[ERROR]   location: variable progress of type com.japanesestudy.app.entity.UserProgress
[ERROR] /C:/my-management/backend/src/main/java/com/japanesestudy/app/service/StudyService.java:[129,16] cannot find symbol
[ERROR]   symbol:   method setEndTime(java.time.LocalDateTime)
[ERROR]   location: variable session of type com.japanesestudy.app.entity.StudySession
[ERROR] /C:/my-management/backend/src/main/java/com/japanesestudy/app/service/StudyService.java:[130,59] cannot find symbol
[ERROR]   symbol:   method getStartTime()
[ERROR]   location: variable session of type com.japanesestudy.app.entity.StudySession
[ERROR] /C:/my-management/backend/src/main/java/com/japanesestudy/app/service/StudyService.java:[130,83] cannot find symbol
[ERROR]   symbol:   method getEndTime()
[ERROR]   location: variable session of type com.japanesestudy.app.entity.StudySession
[ERROR] /C:/my-management/backend/src/main/java/com/japanesestudy/app/service/StudyService.java:[131,16] cannot find symbol
[ERROR]   symbol:   method setDurationSeconds(long)
[ERROR]   location: variable session of type com.japanesestudy.app.entity.StudySession
[ERROR] /C:/my-management/backend/src/main/java/com/japanesestudy/app/controller/StudyItemController.java:[39,49] cannot find symbol
[ERROR]   symbol:   method getPrimaryText()
[ERROR]   location: variable item of type com.japanesestudy.app.entity.StudyItem
[ERROR] /C:/my-management/backend/src/main/java/com/japanesestudy/app/controller/StudyItemController.java:[40,51] cannot find symbol
[ERROR]   symbol:   method getSecondaryText()
[ERROR]   location: variable item of type com.japanesestudy.app.entity.StudyItem
[ERROR] /C:/my-management/backend/src/main/java/com/japanesestudy/app/controller/StudyItemController.java:[41,45] cannot find symbol
[ERROR]   symbol:   method getMeaning()
[ERROR]   location: variable item of type com.japanesestudy.app.entity.StudyItem
[ERROR] /C:/my-management/backend/src/main/java/com/japanesestudy/app/controller/TopicController.java:[51,25] cannot find symbol
[ERROR]   symbol:   method setTopic(com.japanesestudy.app.entity.Topic)
[ERROR]   location: variable item of type com.japanesestudy.app.entity.StudyItem
[ERROR] /C:/my-management/backend/src/main/java/com/japanesestudy/app/controller/TopicController.java:[64,44] cannot find symbol
[ERROR]   symbol:   method getTitle()
[ERROR]   location: variable topic of type com.japanesestudy.app.entity.Topic
[ERROR] /C:/my-management/backend/src/main/java/com/japanesestudy/app/controller/TopicController.java:[65,50] cannot find symbol
[ERROR]   symbol:   method getDescription()
[ERROR]   location: variable topic of type com.japanesestudy.app.entity.Topic
[ERROR] /C:/my-management/backend/src/main/java/com/japanesestudy/app/controller/TopicController.java:[66,30] cannot find symbol
[ERROR]   symbol:   method getOrderIndex()
[ERROR]   location: variable topic of type com.japanesestudy.app.entity.Topic
[ERROR] /C:/my-management/backend/src/main/java/com/japanesestudy/app/controller/TopicController.java:[67,53] cannot find symbol
[ERROR]   symbol:   method getOrderIndex()
[ERROR]   location: variable topic of type com.japanesestudy.app.entity.Topic
[ERROR] /C:/my-management/backend/src/main/java/com/japanesestudy/app/security/service/UserDetailsImpl.java:[19,8] com.japanesestudy.app.security.service.UserDetailsImpl is not abstract and does not override abstract method getUsername() in org.springframework.security.core.userdetails.UserDetails
[ERROR] /C:/my-management/backend/src/main/java/com/japanesestudy/app/security/service/UserDetailsImpl.java:[34,58] cannot find symbol
[ERROR]   symbol:   method getRole()
[ERROR]   location: variable user of type com.japanesestudy.app.entity.User
[ERROR] /C:/my-management/backend/src/main/java/com/japanesestudy/app/security/service/UserDetailsImpl.java:[39,21] cannot find symbol
[ERROR]   symbol:   method getPassword()
[ERROR]   location: variable user of type com.japanesestudy.app.entity.User
[ERROR] /C:/my-management/backend/src/main/java/com/japanesestudy/app/security/service/UserDetailsImpl.java:[38,21] cannot find symbol
[ERROR]   symbol:   method getUsername()
[ERROR]   location: variable user of type com.japanesestudy.app.entity.User
[ERROR] /C:/my-management/backend/src/main/java/com/japanesestudy/app/security/service/UserDetailsImpl.java:[37,21] cannot find symbol
[ERROR]   symbol:   method getId()
[ERROR]   location: variable user of type com.japanesestudy.app.entity.User
[ERROR] /C:/my-management/backend/src/main/java/com/japanesestudy/app/util/DataSeeder.java:[29,26] constructor User in class com.japanesestudy.app.entity.User cannot be applied to given types;
[ERROR]   required: java.lang.String,java.lang.String,com.japanesestudy.app.entity.Role
[ERROR]   found:    no arguments
[ERROR]   reason: actual and formal argument lists differ in length
[ERROR] /C:/my-management/backend/src/main/java/com/japanesestudy/app/util/DataSeeder.java:[30,18] cannot find symbol
[ERROR]   symbol:   method setUsername(java.lang.String)
[ERROR]   location: variable admin of type com.japanesestudy.app.entity.User
[ERROR] /C:/my-management/backend/src/main/java/com/japanesestudy/app/util/DataSeeder.java:[31,18] cannot find symbol
[ERROR]   symbol:   method setPassword(java.lang.String)
[ERROR]   location: variable admin of type com.japanesestudy.app.entity.User
[ERROR] /C:/my-management/backend/src/main/java/com/japanesestudy/app/util/DataSeeder.java:[32,18] cannot find symbol
[ERROR]   symbol:   method setRole(com.japanesestudy.app.entity.Role)
[ERROR]   location: variable admin of type com.japanesestudy.app.entity.User
[ERROR] /C:/my-management/backend/src/main/java/com/japanesestudy/app/util/DataSeeder.java:[36,25] constructor User in class com.japanesestudy.app.entity.User cannot be applied to given types;
[ERROR]   required: java.lang.String,java.lang.String,com.japanesestudy.app.entity.Role
[ERROR]   found:    no arguments
[ERROR]   reason: actual and formal argument lists differ in length
[ERROR] /C:/my-management/backend/src/main/java/com/japanesestudy/app/util/DataSeeder.java:[37,17] cannot find symbol
[ERROR]   symbol:   method setUsername(java.lang.String)
[ERROR]   location: variable user of type com.japanesestudy.app.entity.User
[ERROR] /C:/my-management/backend/src/main/java/com/japanesestudy/app/util/DataSeeder.java:[38,17] cannot find symbol
[ERROR]   symbol:   method setPassword(java.lang.String)
[ERROR]   location: variable user of type com.japanesestudy.app.entity.User
[ERROR] /C:/my-management/backend/src/main/java/com/japanesestudy/app/util/DataSeeder.java:[39,17] cannot find symbol
[ERROR]   symbol:   method setRole(com.japanesestudy.app.entity.Role)
[ERROR]   location: variable user of type com.japanesestudy.app.entity.User
[ERROR] -> [Help 1]
[ERROR] 
[ERROR] To see the full stack trace of the errors, re-run Maven with the -e switch.
[ERROR] Re-run Maven using the -X switch to enable full debug logging.
[ERROR] 
[ERROR] For more information about the errors and possible solutions, please read the following articles:
[ERROR] [Help 1] http://cwiki.apache.org/confluence/display/MAVEN/MojoFailureException
